784871620
556810
233653984
336557501
343601724
393853536
444130406
452872236
479949075
512656153
609162505
647758266
707428828
715032023
789221908
794424708
794728379
807262857
833870826
857763929
875349907
929370792
938464225
946930348
968260956
979373701
982025724
1027228622
1036837724
1209887853
1276456919
1290244168
1435990938
1544310721
1604837246
1641000460
1677127051
1795829788
1865536410
1960766501
2039776460
5060994555
5105181596
5202968188
5237175344
5473524358
5541580061
5571377366
5638030492
5650821865
5856634876
5906762783
6009460880
6394072598
6605835530
7019795901
7059203109
7531793711
7878229790
7968064546
8147237638
8359686535
8465407824
8552742792
